// Jest Snapshot v1, https://goo.gl/fbAQLP

exports[`UserList renders snapshot 1`] = `
<div>
  <h4
    className="box title is-4"
  >
    yves
  </h4>
  <h4
    className="box title is-4"
  >
    yves2
  </h4>
</div>
`;
